08:39:01 **** Incremental Build of configuration Debug for project rc_car_5_mix ****
make -j12 all 
arm-none-eabi-size  rc_car_5_mix.elf 
   text	   data	    bss	    dec	    hex	filename
  26784	    104	   2424	  29312	   7280	rc_car_5_mix.elf
Finished building: default.size.stdout
 
08:39:04 **** Incremental Build of configuration Debug for project rc_car_5_mix ****
make -j12 all 
arm-none-eabi-size  rc_car_5_mix.elf 
   text	   data	    bss	    dec	    hex	filename
  26784	    104	   2424	  29312	   7280	rc_car_5_mix.elf
Finished building: default.size.stdout
 
