../Core/Src/can.c:40:16:MCP_ReadReg	24	static
../Core/Src/can.c:54:13:MCP_WriteReg	24	static
../Core/Src/can.c:65:13:MCP_Reset	16	static
../Core/Src/can.c:74:13:MCP_SetNormalMode	8	static
../Core/Src/can.c:79:13:MCP_SetReceiveAny	8	static
../Core/Src/can.c:85:16:MCP_CheckAndReadRX0	32	static
../Core/Src/can.c:118:6:CAN_Init	16	static
../Core/Src/can.c:148:6:CAN_Poll	24	static
../Core/Src/can.c:164:6:CAN_DebugSetSpeedCmd	16	static
../Core/Src/can.c:172:9:CAN_GetSpeedCmd	4	static
../Core/Src/can.c:177:7:CAN_GetSpeedScale	4	static
../Core/Src/can.c:187:10:CAN_GetLastRxAgeMs	8	static
